// Jest Snapshot v1, https://goo.gl/fbAQLP

exports[`OfferContainer should match the snapshot 1`] = `
ShallowWrapper {
  "length": 1,
  Symbol(enzyme.__root__): [Circular],
  Symbol(enzyme.__unrendered__): <OfferContainer
    destination={
        Object {
            "id": 1,
          }
    }
    user={
        Object {
            "id": 1,
          }
    }
/>,
  Symbol(enzyme.__renderer__): Object {
    "batchedUpdates": [Function],
    "getNode": [Function],
    "render": [Function],
    "simulateEvent": [Function],
    "unmount": [Function],
  },
  Symbol(enzyme.__node__): Object {
    "instance": null,
    "key": undefined,
    "nodeType": "host",
    "props": Object {
      "children": <form
        action=""
        onSubmit={[Function]}
>
        <input
                name="car_capacity"
                onChange={[Function]}
                placeholder="car capacity"
                type="text"
        />
        <input
                name="car_type"
                onChange={[Function]}
                placeholder="car type"
                type="text"
        />
        <input
                name="date"
                onChange={[Function]}
                placeholder="date"
                type="text"
        />
        <input
                name="time"
                onChange={[Function]}
                placeholder="time of departure"
                type="text"
        />
        <input
                name="street"
                onChange={[Function]}
                placeholder="street"
                type="text"
        />
        <input
                name="city"
                onChange={[Function]}
                placeholder="city"
                type="text"
        />
        <input
                name="state"
                onChange={[Function]}
                placeholder="state"
                type="text"
        />
        <input
                type="submit"
        />
        <NavLink
                activeClassName="active"
                ariaCurrent="true"
                to="/rides"
        >
                Back
        </NavLink>
</form>,
      "className": "offer-container",
    },
    "ref": null,
    "rendered": Object {
      "instance": null,
      "key": undefined,
      "nodeType": "host",
      "props": Object {
        "action": "",
        "children": Array [
          <input
            name="car_capacity"
            onChange={[Function]}
            placeholder="car capacity"
            type="text"
/>,
          <input
            name="car_type"
            onChange={[Function]}
            placeholder="car type"
            type="text"
/>,
          <input
            name="date"
            onChange={[Function]}
            placeholder="date"
            type="text"
/>,
          <input
            name="time"
            onChange={[Function]}
            placeholder="time of departure"
            type="text"
/>,
          <input
            name="street"
            onChange={[Function]}
            placeholder="street"
            type="text"
/>,
          <input
            name="city"
            onChange={[Function]}
            placeholder="city"
            type="text"
/>,
          <input
            name="state"
            onChange={[Function]}
            placeholder="state"
            type="text"
/>,
          <input
            type="submit"
/>,
          <NavLink
            activeClassName="active"
            ariaCurrent="true"
            to="/rides"
>
            Back
</NavLink>,
        ],
        "onSubmit": [Function],
      },
      "ref": null,
      "rendered": Array [
        Object {
          "instance": null,
          "key": undefined,
          "nodeType": "host",
          "props": Object {
            "name": "car_capacity",
            "onChange": [Function],
            "placeholder": "car capacity",
            "type": "text",
          },
          "ref": null,
          "rendered": null,
          "type": "input",
        },
        Object {
          "instance": null,
          "key": undefined,
          "nodeType": "host",
          "props": Object {
            "name": "car_type",
            "onChange": [Function],
            "placeholder": "car type",
            "type": "text",
          },
          "ref": null,
          "rendered": null,
          "type": "input",
        },
        Object {
          "instance": null,
          "key": undefined,
          "nodeType": "host",
          "props": Object {
            "name": "date",
            "onChange": [Function],
            "placeholder": "date",
            "type": "text",
          },
          "ref": null,
          "rendered": null,
          "type": "input",
        },
        Object {
          "instance": null,
          "key": undefined,
          "nodeType": "host",
          "props": Object {
            "name": "time",
            "onChange": [Function],
            "placeholder": "time of departure",
            "type": "text",
          },
          "ref": null,
          "rendered": null,
          "type": "input",
        },
        Object {
          "instance": null,
          "key": undefined,
          "nodeType": "host",
          "props": Object {
            "name": "street",
            "onChange": [Function],
            "placeholder": "street",
            "type": "text",
          },
          "ref": null,
          "rendered": null,
          "type": "input",
        },
        Object {
          "instance": null,
          "key": undefined,
          "nodeType": "host",
          "props": Object {
            "name": "city",
            "onChange": [Function],
            "placeholder": "city",
            "type": "text",
          },
          "ref": null,
          "rendered": null,
          "type": "input",
        },
        Object {
          "instance": null,
          "key": undefined,
          "nodeType": "host",
          "props": Object {
            "name": "state",
            "onChange": [Function],
            "placeholder": "state",
            "type": "text",
          },
          "ref": null,
          "rendered": null,
          "type": "input",
        },
        Object {
          "instance": null,
          "key": undefined,
          "nodeType": "host",
          "props": Object {
            "type": "submit",
          },
          "ref": null,
          "rendered": null,
          "type": "input",
        },
        Object {
          "instance": null,
          "key": undefined,
          "nodeType": "function",
          "props": Object {
            "activeClassName": "active",
            "ariaCurrent": "true",
            "children": "Back",
            "to": "/rides",
          },
          "ref": null,
          "rendered": "Back",
          "type": [Function],
        },
      ],
      "type": "form",
    },
    "type": "div",
  },
  Symbol(enzyme.__nodes__): Array [
    Object {
      "instance": null,
      "key": undefined,
      "nodeType": "host",
      "props": Object {
        "children": <form
          action=""
          onSubmit={[Function]}
>
          <input
                    name="car_capacity"
                    onChange={[Function]}
                    placeholder="car capacity"
                    type="text"
          />
          <input
                    name="car_type"
                    onChange={[Function]}
                    placeholder="car type"
                    type="text"
          />
          <input
                    name="date"
                    onChange={[Function]}
                    placeholder="date"
                    type="text"
          />
          <input
                    name="time"
                    onChange={[Function]}
                    placeholder="time of departure"
                    type="text"
          />
          <input
                    name="street"
                    onChange={[Function]}
                    placeholder="street"
                    type="text"
          />
          <input
                    name="city"
                    onChange={[Function]}
                    placeholder="city"
                    type="text"
          />
          <input
                    name="state"
                    onChange={[Function]}
                    placeholder="state"
                    type="text"
          />
          <input
                    type="submit"
          />
          <NavLink
                    activeClassName="active"
                    ariaCurrent="true"
                    to="/rides"
          >
                    Back
          </NavLink>
</form>,
        "className": "offer-container",
      },
      "ref": null,
      "rendered": Object {
        "instance": null,
        "key": undefined,
        "nodeType": "host",
        "props": Object {
          "action": "",
          "children": Array [
            <input
              name="car_capacity"
              onChange={[Function]}
              placeholder="car capacity"
              type="text"
/>,
            <input
              name="car_type"
              onChange={[Function]}
              placeholder="car type"
              type="text"
/>,
            <input
              name="date"
              onChange={[Function]}
              placeholder="date"
              type="text"
/>,
            <input
              name="time"
              onChange={[Function]}
              placeholder="time of departure"
              type="text"
/>,
            <input
              name="street"
              onChange={[Function]}
              placeholder="street"
              type="text"
/>,
            <input
              name="city"
              onChange={[Function]}
              placeholder="city"
              type="text"
/>,
            <input
              name="state"
              onChange={[Function]}
              placeholder="state"
              type="text"
/>,
            <input
              type="submit"
/>,
            <NavLink
              activeClassName="active"
              ariaCurrent="true"
              to="/rides"
>
              Back
</NavLink>,
          ],
          "onSubmit": [Function],
        },
        "ref": null,
        "rendered": Array [
          Object {
            "instance": null,
            "key": undefined,
            "nodeType": "host",
            "props": Object {
              "name": "car_capacity",
              "onChange": [Function],
              "placeholder": "car capacity",
              "type": "text",
            },
            "ref": null,
            "rendered": null,
            "type": "input",
          },
          Object {
            "instance": null,
            "key": undefined,
            "nodeType": "host",
            "props": Object {
              "name": "car_type",
              "onChange": [Function],
              "placeholder": "car type",
              "type": "text",
            },
            "ref": null,
            "rendered": null,
            "type": "input",
          },
          Object {
            "instance": null,
            "key": undefined,
            "nodeType": "host",
            "props": Object {
              "name": "date",
              "onChange": [Function],
              "placeholder": "date",
              "type": "text",
            },
            "ref": null,
            "rendered": null,
            "type": "input",
          },
          Object {
            "instance": null,
            "key": undefined,
            "nodeType": "host",
            "props": Object {
              "name": "time",
              "onChange": [Function],
              "placeholder": "time of departure",
              "type": "text",
            },
            "ref": null,
            "rendered": null,
            "type": "input",
          },
          Object {
            "instance": null,
            "key": undefined,
            "nodeType": "host",
            "props": Object {
              "name": "street",
              "onChange": [Function],
              "placeholder": "street",
              "type": "text",
            },
            "ref": null,
            "rendered": null,
            "type": "input",
          },
          Object {
            "instance": null,
            "key": undefined,
            "nodeType": "host",
            "props": Object {
              "name": "city",
              "onChange": [Function],
              "placeholder": "city",
              "type": "text",
            },
            "ref": null,
            "rendered": null,
            "type": "input",
          },
          Object {
            "instance": null,
            "key": undefined,
            "nodeType": "host",
            "props": Object {
              "name": "state",
              "onChange": [Function],
              "placeholder": "state",
              "type": "text",
            },
            "ref": null,
            "rendered": null,
            "type": "input",
          },
          Object {
            "instance": null,
            "key": undefined,
            "nodeType": "host",
            "props": Object {
              "type": "submit",
            },
            "ref": null,
            "rendered": null,
            "type": "input",
          },
          Object {
            "instance": null,
            "key": undefined,
            "nodeType": "function",
            "props": Object {
              "activeClassName": "active",
              "ariaCurrent": "true",
              "children": "Back",
              "to": "/rides",
            },
            "ref": null,
            "rendered": "Back",
            "type": [Function],
          },
        ],
        "type": "form",
      },
      "type": "div",
    },
  ],
  Symbol(enzyme.__options__): Object {
    "adapter": ReactSixteenAdapter {
      "options": Object {
        "enableComponentDidUpdateOnSetState": true,
      },
    },
  },
}
`;
