// Jest Snapshot v1, https://goo.gl/fbAQLP

exports[`OfferContainer should match the snapshot 1`] = `
ShallowWrapper {
  "length": 1,
  Symbol(enzyme.__root__): [Circular],
  Symbol(enzyme.__unrendered__): <OfferContainer
    destination={
        Object {
            "id": 1,
          }
    }
    handleShowOffer={[Function]}
    loadRides={[Function]}
    setNewPickup={[Function]}
    setNewRide={[Function]}
    user={
        Object {
            "id": 1,
          }
    }
/>,
  Symbol(enzyme.__renderer__): Object {
    "batchedUpdates": [Function],
    "getNode": [Function],
    "render": [Function],
    "simulateEvent": [Function],
    "unmount": [Function],
  },
  Symbol(enzyme.__node__): Object {
    "instance": null,
    "key": undefined,
    "nodeType": "host",
    "props": Object {
      "children": <form
        action=""
        className="offer-form"
        onSubmit={[Function]}
>
        <legend
                className="offer-instructions"
        >
                Please fill out all the information to submit a ride offer
        </legend>
        <button
                className="offer-back-btn"
                onClick={[Function]}
        >
                X
        </button>
        <div
                className="offer-inputs-container"
        >
                <div
                        className="car-input"
                >
                        <label
                                name="car_capicity"
                        >
                                Car Capacity:
                        </label>
                        <input
                                className="offer-input"
                                name="car_capacity"
                                onChange={[Function]}
                                placeholder="car capacity"
                                type="text"
                        />
                        <label
                                name="car_type"
                        >
                                car type:
                        </label>
                        <input
                                className="offer-input"
                                name="car_type"
                                onChange={[Function]}
                                placeholder="car type"
                                type="text"
                        />
                        <label
                                name="data"
                        >
                                date:
                        </label>
                        <input
                                className="offer-input"
                                name="date"
                                onChange={[Function]}
                                placeholder="date"
                                type="text"
                        />
                        <label
                                name="time"
                        >
                                time of departure:
                        </label>
                        <input
                                className="offer-input"
                                name="time"
                                onChange={[Function]}
                                placeholder="time of departure"
                                type="text"
                        />
                </div>
                <div
                        className="address-input"
                >
                        <label
                                name="street"
                        >
                                street:
                        </label>
                        <input
                                className="offer-input"
                                name="street"
                                onChange={[Function]}
                                placeholder="street"
                                type="text"
                        />
                        <label
                                name="city"
                        >
                                city:
                        </label>
                        <input
                                className="offer-input"
                                name="city"
                                onChange={[Function]}
                                placeholder="city"
                                type="text"
                        />
                        <label
                                name="state"
                        >
                                state:
                        </label>
                        <input
                                className="offer-input"
                                name="state"
                                onChange={[Function]}
                                placeholder="state"
                                type="text"
                        />
                </div>
        </div>
        <input
                className="offer-submit-btn"
                type="submit"
        />
</form>,
      "className": "offer-container",
    },
    "ref": null,
    "rendered": Object {
      "instance": null,
      "key": undefined,
      "nodeType": "host",
      "props": Object {
        "action": "",
        "children": Array [
          <legend
            className="offer-instructions"
>
            Please fill out all the information to submit a ride offer
</legend>,
          <button
            className="offer-back-btn"
            onClick={[Function]}
>
            X
</button>,
          <div
            className="offer-inputs-container"
>
            <div
                        className="car-input"
            >
                        <label
                                    name="car_capicity"
                        >
                                    Car Capacity:
                        </label>
                        <input
                                    className="offer-input"
                                    name="car_capacity"
                                    onChange={[Function]}
                                    placeholder="car capacity"
                                    type="text"
                        />
                        <label
                                    name="car_type"
                        >
                                    car type:
                        </label>
                        <input
                                    className="offer-input"
                                    name="car_type"
                                    onChange={[Function]}
                                    placeholder="car type"
                                    type="text"
                        />
                        <label
                                    name="data"
                        >
                                    date:
                        </label>
                        <input
                                    className="offer-input"
                                    name="date"
                                    onChange={[Function]}
                                    placeholder="date"
                                    type="text"
                        />
                        <label
                                    name="time"
                        >
                                    time of departure:
                        </label>
                        <input
                                    className="offer-input"
                                    name="time"
                                    onChange={[Function]}
                                    placeholder="time of departure"
                                    type="text"
                        />
            </div>
            <div
                        className="address-input"
            >
                        <label
                                    name="street"
                        >
                                    street:
                        </label>
                        <input
                                    className="offer-input"
                                    name="street"
                                    onChange={[Function]}
                                    placeholder="street"
                                    type="text"
                        />
                        <label
                                    name="city"
                        >
                                    city:
                        </label>
                        <input
                                    className="offer-input"
                                    name="city"
                                    onChange={[Function]}
                                    placeholder="city"
                                    type="text"
                        />
                        <label
                                    name="state"
                        >
                                    state:
                        </label>
                        <input
                                    className="offer-input"
                                    name="state"
                                    onChange={[Function]}
                                    placeholder="state"
                                    type="text"
                        />
            </div>
</div>,
          <input
            className="offer-submit-btn"
            type="submit"
/>,
        ],
        "className": "offer-form",
        "onSubmit": [Function],
      },
      "ref": null,
      "rendered": Array [
        Object {
          "instance": null,
          "key": undefined,
          "nodeType": "host",
          "props": Object {
            "children": "Please fill out all the information to submit a ride offer",
            "className": "offer-instructions",
          },
          "ref": null,
          "rendered": "Please fill out all the information to submit a ride offer",
          "type": "legend",
        },
        Object {
          "instance": null,
          "key": undefined,
          "nodeType": "host",
          "props": Object {
            "children": "X",
            "className": "offer-back-btn",
            "onClick": [Function],
          },
          "ref": null,
          "rendered": "X",
          "type": "button",
        },
        Object {
          "instance": null,
          "key": undefined,
          "nodeType": "host",
          "props": Object {
            "children": Array [
              <div
                className="car-input"
>
                <label
                                name="car_capicity"
                >
                                Car Capacity:
                </label>
                <input
                                className="offer-input"
                                name="car_capacity"
                                onChange={[Function]}
                                placeholder="car capacity"
                                type="text"
                />
                <label
                                name="car_type"
                >
                                car type:
                </label>
                <input
                                className="offer-input"
                                name="car_type"
                                onChange={[Function]}
                                placeholder="car type"
                                type="text"
                />
                <label
                                name="data"
                >
                                date:
                </label>
                <input
                                className="offer-input"
                                name="date"
                                onChange={[Function]}
                                placeholder="date"
                                type="text"
                />
                <label
                                name="time"
                >
                                time of departure:
                </label>
                <input
                                className="offer-input"
                                name="time"
                                onChange={[Function]}
                                placeholder="time of departure"
                                type="text"
                />
</div>,
              <div
                className="address-input"
>
                <label
                                name="street"
                >
                                street:
                </label>
                <input
                                className="offer-input"
                                name="street"
                                onChange={[Function]}
                                placeholder="street"
                                type="text"
                />
                <label
                                name="city"
                >
                                city:
                </label>
                <input
                                className="offer-input"
                                name="city"
                                onChange={[Function]}
                                placeholder="city"
                                type="text"
                />
                <label
                                name="state"
                >
                                state:
                </label>
                <input
                                className="offer-input"
                                name="state"
                                onChange={[Function]}
                                placeholder="state"
                                type="text"
                />
</div>,
            ],
            "className": "offer-inputs-container",
          },
          "ref": null,
          "rendered": Array [
            Object {
              "instance": null,
              "key": undefined,
              "nodeType": "host",
              "props": Object {
                "children": Array [
                  <label
                    name="car_capicity"
>
                    Car Capacity:
</label>,
                  <input
                    className="offer-input"
                    name="car_capacity"
                    onChange={[Function]}
                    placeholder="car capacity"
                    type="text"
/>,
                  <label
                    name="car_type"
>
                    car type:
</label>,
                  <input
                    className="offer-input"
                    name="car_type"
                    onChange={[Function]}
                    placeholder="car type"
                    type="text"
/>,
                  <label
                    name="data"
>
                    date:
</label>,
                  <input
                    className="offer-input"
                    name="date"
                    onChange={[Function]}
                    placeholder="date"
                    type="text"
/>,
                  <label
                    name="time"
>
                    time of departure:
</label>,
                  <input
                    className="offer-input"
                    name="time"
                    onChange={[Function]}
                    placeholder="time of departure"
                    type="text"
/>,
                ],
                "className": "car-input",
              },
              "ref": null,
              "rendered": Array [
                Object {
                  "instance": null,
                  "key": undefined,
                  "nodeType": "host",
                  "props": Object {
                    "children": "Car Capacity:",
                    "name": "car_capicity",
                  },
                  "ref": null,
                  "rendered": "Car Capacity:",
                  "type": "label",
                },
                Object {
                  "instance": null,
                  "key": undefined,
                  "nodeType": "host",
                  "props": Object {
                    "className": "offer-input",
                    "name": "car_capacity",
                    "onChange": [Function],
                    "placeholder": "car capacity",
                    "type": "text",
                  },
                  "ref": null,
                  "rendered": null,
                  "type": "input",
                },
                Object {
                  "instance": null,
                  "key": undefined,
                  "nodeType": "host",
                  "props": Object {
                    "children": "car type:",
                    "name": "car_type",
                  },
                  "ref": null,
                  "rendered": "car type:",
                  "type": "label",
                },
                Object {
                  "instance": null,
                  "key": undefined,
                  "nodeType": "host",
                  "props": Object {
                    "className": "offer-input",
                    "name": "car_type",
                    "onChange": [Function],
                    "placeholder": "car type",
                    "type": "text",
                  },
                  "ref": null,
                  "rendered": null,
                  "type": "input",
                },
                Object {
                  "instance": null,
                  "key": undefined,
                  "nodeType": "host",
                  "props": Object {
                    "children": "date:",
                    "name": "data",
                  },
                  "ref": null,
                  "rendered": "date:",
                  "type": "label",
                },
                Object {
                  "instance": null,
                  "key": undefined,
                  "nodeType": "host",
                  "props": Object {
                    "className": "offer-input",
                    "name": "date",
                    "onChange": [Function],
                    "placeholder": "date",
                    "type": "text",
                  },
                  "ref": null,
                  "rendered": null,
                  "type": "input",
                },
                Object {
                  "instance": null,
                  "key": undefined,
                  "nodeType": "host",
                  "props": Object {
                    "children": "time of departure:",
                    "name": "time",
                  },
                  "ref": null,
                  "rendered": "time of departure:",
                  "type": "label",
                },
                Object {
                  "instance": null,
                  "key": undefined,
                  "nodeType": "host",
                  "props": Object {
                    "className": "offer-input",
                    "name": "time",
                    "onChange": [Function],
                    "placeholder": "time of departure",
                    "type": "text",
                  },
                  "ref": null,
                  "rendered": null,
                  "type": "input",
                },
              ],
              "type": "div",
            },
            Object {
              "instance": null,
              "key": undefined,
              "nodeType": "host",
              "props": Object {
                "children": Array [
                  <label
                    name="street"
>
                    street:
</label>,
                  <input
                    className="offer-input"
                    name="street"
                    onChange={[Function]}
                    placeholder="street"
                    type="text"
/>,
                  <label
                    name="city"
>
                    city:
</label>,
                  <input
                    className="offer-input"
                    name="city"
                    onChange={[Function]}
                    placeholder="city"
                    type="text"
/>,
                  <label
                    name="state"
>
                    state:
</label>,
                  <input
                    className="offer-input"
                    name="state"
                    onChange={[Function]}
                    placeholder="state"
                    type="text"
/>,
                ],
                "className": "address-input",
              },
              "ref": null,
              "rendered": Array [
                Object {
                  "instance": null,
                  "key": undefined,
                  "nodeType": "host",
                  "props": Object {
                    "children": "street:",
                    "name": "street",
                  },
                  "ref": null,
                  "rendered": "street:",
                  "type": "label",
                },
                Object {
                  "instance": null,
                  "key": undefined,
                  "nodeType": "host",
                  "props": Object {
                    "className": "offer-input",
                    "name": "street",
                    "onChange": [Function],
                    "placeholder": "street",
                    "type": "text",
                  },
                  "ref": null,
                  "rendered": null,
                  "type": "input",
                },
                Object {
                  "instance": null,
                  "key": undefined,
                  "nodeType": "host",
                  "props": Object {
                    "children": "city:",
                    "name": "city",
                  },
                  "ref": null,
                  "rendered": "city:",
                  "type": "label",
                },
                Object {
                  "instance": null,
                  "key": undefined,
                  "nodeType": "host",
                  "props": Object {
                    "className": "offer-input",
                    "name": "city",
                    "onChange": [Function],
                    "placeholder": "city",
                    "type": "text",
                  },
                  "ref": null,
                  "rendered": null,
                  "type": "input",
                },
                Object {
                  "instance": null,
                  "key": undefined,
                  "nodeType": "host",
                  "props": Object {
                    "children": "state:",
                    "name": "state",
                  },
                  "ref": null,
                  "rendered": "state:",
                  "type": "label",
                },
                Object {
                  "instance": null,
                  "key": undefined,
                  "nodeType": "host",
                  "props": Object {
                    "className": "offer-input",
                    "name": "state",
                    "onChange": [Function],
                    "placeholder": "state",
                    "type": "text",
                  },
                  "ref": null,
                  "rendered": null,
                  "type": "input",
                },
              ],
              "type": "div",
            },
          ],
          "type": "div",
        },
        Object {
          "instance": null,
          "key": undefined,
          "nodeType": "host",
          "props": Object {
            "className": "offer-submit-btn",
            "type": "submit",
          },
          "ref": null,
          "rendered": null,
          "type": "input",
        },
      ],
      "type": "form",
    },
    "type": "div",
  },
  Symbol(enzyme.__nodes__): Array [
    Object {
      "instance": null,
      "key": undefined,
      "nodeType": "host",
      "props": Object {
        "children": <form
          action=""
          className="offer-form"
          onSubmit={[Function]}
>
          <legend
                    className="offer-instructions"
          >
                    Please fill out all the information to submit a ride offer
          </legend>
          <button
                    className="offer-back-btn"
                    onClick={[Function]}
          >
                    X
          </button>
          <div
                    className="offer-inputs-container"
          >
                    <div
                              className="car-input"
                    >
                              <label
                                        name="car_capicity"
                              >
                                        Car Capacity:
                              </label>
                              <input
                                        className="offer-input"
                                        name="car_capacity"
                                        onChange={[Function]}
                                        placeholder="car capacity"
                                        type="text"
                              />
                              <label
                                        name="car_type"
                              >
                                        car type:
                              </label>
                              <input
                                        className="offer-input"
                                        name="car_type"
                                        onChange={[Function]}
                                        placeholder="car type"
                                        type="text"
                              />
                              <label
                                        name="data"
                              >
                                        date:
                              </label>
                              <input
                                        className="offer-input"
                                        name="date"
                                        onChange={[Function]}
                                        placeholder="date"
                                        type="text"
                              />
                              <label
                                        name="time"
                              >
                                        time of departure:
                              </label>
                              <input
                                        className="offer-input"
                                        name="time"
                                        onChange={[Function]}
                                        placeholder="time of departure"
                                        type="text"
                              />
                    </div>
                    <div
                              className="address-input"
                    >
                              <label
                                        name="street"
                              >
                                        street:
                              </label>
                              <input
                                        className="offer-input"
                                        name="street"
                                        onChange={[Function]}
                                        placeholder="street"
                                        type="text"
                              />
                              <label
                                        name="city"
                              >
                                        city:
                              </label>
                              <input
                                        className="offer-input"
                                        name="city"
                                        onChange={[Function]}
                                        placeholder="city"
                                        type="text"
                              />
                              <label
                                        name="state"
                              >
                                        state:
                              </label>
                              <input
                                        className="offer-input"
                                        name="state"
                                        onChange={[Function]}
                                        placeholder="state"
                                        type="text"
                              />
                    </div>
          </div>
          <input
                    className="offer-submit-btn"
                    type="submit"
          />
</form>,
        "className": "offer-container",
      },
      "ref": null,
      "rendered": Object {
        "instance": null,
        "key": undefined,
        "nodeType": "host",
        "props": Object {
          "action": "",
          "children": Array [
            <legend
              className="offer-instructions"
>
              Please fill out all the information to submit a ride offer
</legend>,
            <button
              className="offer-back-btn"
              onClick={[Function]}
>
              X
</button>,
            <div
              className="offer-inputs-container"
>
              <div
                            className="car-input"
              >
                            <label
                                          name="car_capicity"
                            >
                                          Car Capacity:
                            </label>
                            <input
                                          className="offer-input"
                                          name="car_capacity"
                                          onChange={[Function]}
                                          placeholder="car capacity"
                                          type="text"
                            />
                            <label
                                          name="car_type"
                            >
                                          car type:
                            </label>
                            <input
                                          className="offer-input"
                                          name="car_type"
                                          onChange={[Function]}
                                          placeholder="car type"
                                          type="text"
                            />
                            <label
                                          name="data"
                            >
                                          date:
                            </label>
                            <input
                                          className="offer-input"
                                          name="date"
                                          onChange={[Function]}
                                          placeholder="date"
                                          type="text"
                            />
                            <label
                                          name="time"
                            >
                                          time of departure:
                            </label>
                            <input
                                          className="offer-input"
                                          name="time"
                                          onChange={[Function]}
                                          placeholder="time of departure"
                                          type="text"
                            />
              </div>
              <div
                            className="address-input"
              >
                            <label
                                          name="street"
                            >
                                          street:
                            </label>
                            <input
                                          className="offer-input"
                                          name="street"
                                          onChange={[Function]}
                                          placeholder="street"
                                          type="text"
                            />
                            <label
                                          name="city"
                            >
                                          city:
                            </label>
                            <input
                                          className="offer-input"
                                          name="city"
                                          onChange={[Function]}
                                          placeholder="city"
                                          type="text"
                            />
                            <label
                                          name="state"
                            >
                                          state:
                            </label>
                            <input
                                          className="offer-input"
                                          name="state"
                                          onChange={[Function]}
                                          placeholder="state"
                                          type="text"
                            />
              </div>
</div>,
            <input
              className="offer-submit-btn"
              type="submit"
/>,
          ],
          "className": "offer-form",
          "onSubmit": [Function],
        },
        "ref": null,
        "rendered": Array [
          Object {
            "instance": null,
            "key": undefined,
            "nodeType": "host",
            "props": Object {
              "children": "Please fill out all the information to submit a ride offer",
              "className": "offer-instructions",
            },
            "ref": null,
            "rendered": "Please fill out all the information to submit a ride offer",
            "type": "legend",
          },
          Object {
            "instance": null,
            "key": undefined,
            "nodeType": "host",
            "props": Object {
              "children": "X",
              "className": "offer-back-btn",
              "onClick": [Function],
            },
            "ref": null,
            "rendered": "X",
            "type": "button",
          },
          Object {
            "instance": null,
            "key": undefined,
            "nodeType": "host",
            "props": Object {
              "children": Array [
                <div
                  className="car-input"
>
                  <label
                                    name="car_capicity"
                  >
                                    Car Capacity:
                  </label>
                  <input
                                    className="offer-input"
                                    name="car_capacity"
                                    onChange={[Function]}
                                    placeholder="car capacity"
                                    type="text"
                  />
                  <label
                                    name="car_type"
                  >
                                    car type:
                  </label>
                  <input
                                    className="offer-input"
                                    name="car_type"
                                    onChange={[Function]}
                                    placeholder="car type"
                                    type="text"
                  />
                  <label
                                    name="data"
                  >
                                    date:
                  </label>
                  <input
                                    className="offer-input"
                                    name="date"
                                    onChange={[Function]}
                                    placeholder="date"
                                    type="text"
                  />
                  <label
                                    name="time"
                  >
                                    time of departure:
                  </label>
                  <input
                                    className="offer-input"
                                    name="time"
                                    onChange={[Function]}
                                    placeholder="time of departure"
                                    type="text"
                  />
</div>,
                <div
                  className="address-input"
>
                  <label
                                    name="street"
                  >
                                    street:
                  </label>
                  <input
                                    className="offer-input"
                                    name="street"
                                    onChange={[Function]}
                                    placeholder="street"
                                    type="text"
                  />
                  <label
                                    name="city"
                  >
                                    city:
                  </label>
                  <input
                                    className="offer-input"
                                    name="city"
                                    onChange={[Function]}
                                    placeholder="city"
                                    type="text"
                  />
                  <label
                                    name="state"
                  >
                                    state:
                  </label>
                  <input
                                    className="offer-input"
                                    name="state"
                                    onChange={[Function]}
                                    placeholder="state"
                                    type="text"
                  />
</div>,
              ],
              "className": "offer-inputs-container",
            },
            "ref": null,
            "rendered": Array [
              Object {
                "instance": null,
                "key": undefined,
                "nodeType": "host",
                "props": Object {
                  "children": Array [
                    <label
                      name="car_capicity"
>
                      Car Capacity:
</label>,
                    <input
                      className="offer-input"
                      name="car_capacity"
                      onChange={[Function]}
                      placeholder="car capacity"
                      type="text"
/>,
                    <label
                      name="car_type"
>
                      car type:
</label>,
                    <input
                      className="offer-input"
                      name="car_type"
                      onChange={[Function]}
                      placeholder="car type"
                      type="text"
/>,
                    <label
                      name="data"
>
                      date:
</label>,
                    <input
                      className="offer-input"
                      name="date"
                      onChange={[Function]}
                      placeholder="date"
                      type="text"
/>,
                    <label
                      name="time"
>
                      time of departure:
</label>,
                    <input
                      className="offer-input"
                      name="time"
                      onChange={[Function]}
                      placeholder="time of departure"
                      type="text"
/>,
                  ],
                  "className": "car-input",
                },
                "ref": null,
                "rendered": Array [
                  Object {
                    "instance": null,
                    "key": undefined,
                    "nodeType": "host",
                    "props": Object {
                      "children": "Car Capacity:",
                      "name": "car_capicity",
                    },
                    "ref": null,
                    "rendered": "Car Capacity:",
                    "type": "label",
                  },
                  Object {
                    "instance": null,
                    "key": undefined,
                    "nodeType": "host",
                    "props": Object {
                      "className": "offer-input",
                      "name": "car_capacity",
                      "onChange": [Function],
                      "placeholder": "car capacity",
                      "type": "text",
                    },
                    "ref": null,
                    "rendered": null,
                    "type": "input",
                  },
                  Object {
                    "instance": null,
                    "key": undefined,
                    "nodeType": "host",
                    "props": Object {
                      "children": "car type:",
                      "name": "car_type",
                    },
                    "ref": null,
                    "rendered": "car type:",
                    "type": "label",
                  },
                  Object {
                    "instance": null,
                    "key": undefined,
                    "nodeType": "host",
                    "props": Object {
                      "className": "offer-input",
                      "name": "car_type",
                      "onChange": [Function],
                      "placeholder": "car type",
                      "type": "text",
                    },
                    "ref": null,
                    "rendered": null,
                    "type": "input",
                  },
                  Object {
                    "instance": null,
                    "key": undefined,
                    "nodeType": "host",
                    "props": Object {
                      "children": "date:",
                      "name": "data",
                    },
                    "ref": null,
                    "rendered": "date:",
                    "type": "label",
                  },
                  Object {
                    "instance": null,
                    "key": undefined,
                    "nodeType": "host",
                    "props": Object {
                      "className": "offer-input",
                      "name": "date",
                      "onChange": [Function],
                      "placeholder": "date",
                      "type": "text",
                    },
                    "ref": null,
                    "rendered": null,
                    "type": "input",
                  },
                  Object {
                    "instance": null,
                    "key": undefined,
                    "nodeType": "host",
                    "props": Object {
                      "children": "time of departure:",
                      "name": "time",
                    },
                    "ref": null,
                    "rendered": "time of departure:",
                    "type": "label",
                  },
                  Object {
                    "instance": null,
                    "key": undefined,
                    "nodeType": "host",
                    "props": Object {
                      "className": "offer-input",
                      "name": "time",
                      "onChange": [Function],
                      "placeholder": "time of departure",
                      "type": "text",
                    },
                    "ref": null,
                    "rendered": null,
                    "type": "input",
                  },
                ],
                "type": "div",
              },
              Object {
                "instance": null,
                "key": undefined,
                "nodeType": "host",
                "props": Object {
                  "children": Array [
                    <label
                      name="street"
>
                      street:
</label>,
                    <input
                      className="offer-input"
                      name="street"
                      onChange={[Function]}
                      placeholder="street"
                      type="text"
/>,
                    <label
                      name="city"
>
                      city:
</label>,
                    <input
                      className="offer-input"
                      name="city"
                      onChange={[Function]}
                      placeholder="city"
                      type="text"
/>,
                    <label
                      name="state"
>
                      state:
</label>,
                    <input
                      className="offer-input"
                      name="state"
                      onChange={[Function]}
                      placeholder="state"
                      type="text"
/>,
                  ],
                  "className": "address-input",
                },
                "ref": null,
                "rendered": Array [
                  Object {
                    "instance": null,
                    "key": undefined,
                    "nodeType": "host",
                    "props": Object {
                      "children": "street:",
                      "name": "street",
                    },
                    "ref": null,
                    "rendered": "street:",
                    "type": "label",
                  },
                  Object {
                    "instance": null,
                    "key": undefined,
                    "nodeType": "host",
                    "props": Object {
                      "className": "offer-input",
                      "name": "street",
                      "onChange": [Function],
                      "placeholder": "street",
                      "type": "text",
                    },
                    "ref": null,
                    "rendered": null,
                    "type": "input",
                  },
                  Object {
                    "instance": null,
                    "key": undefined,
                    "nodeType": "host",
                    "props": Object {
                      "children": "city:",
                      "name": "city",
                    },
                    "ref": null,
                    "rendered": "city:",
                    "type": "label",
                  },
                  Object {
                    "instance": null,
                    "key": undefined,
                    "nodeType": "host",
                    "props": Object {
                      "className": "offer-input",
                      "name": "city",
                      "onChange": [Function],
                      "placeholder": "city",
                      "type": "text",
                    },
                    "ref": null,
                    "rendered": null,
                    "type": "input",
                  },
                  Object {
                    "instance": null,
                    "key": undefined,
                    "nodeType": "host",
                    "props": Object {
                      "children": "state:",
                      "name": "state",
                    },
                    "ref": null,
                    "rendered": "state:",
                    "type": "label",
                  },
                  Object {
                    "instance": null,
                    "key": undefined,
                    "nodeType": "host",
                    "props": Object {
                      "className": "offer-input",
                      "name": "state",
                      "onChange": [Function],
                      "placeholder": "state",
                      "type": "text",
                    },
                    "ref": null,
                    "rendered": null,
                    "type": "input",
                  },
                ],
                "type": "div",
              },
            ],
            "type": "div",
          },
          Object {
            "instance": null,
            "key": undefined,
            "nodeType": "host",
            "props": Object {
              "className": "offer-submit-btn",
              "type": "submit",
            },
            "ref": null,
            "rendered": null,
            "type": "input",
          },
        ],
        "type": "form",
      },
      "type": "div",
    },
  ],
  Symbol(enzyme.__options__): Object {
    "adapter": ReactSixteenAdapter {
      "options": Object {
        "enableComponentDidUpdateOnSetState": true,
      },
    },
  },
}
`;
