// Jest Snapshot v1, https://goo.gl/fbAQLP

exports[`RidesContainer should match the snapshot 1`] = `
ShallowWrapper {
  "length": 1,
  Symbol(enzyme.__root__): [Circular],
  Symbol(enzyme.__unrendered__): <RidesContainer
    destination={
        Object {
            "id": 1,
            "location_name": "Red Rocks",
          }
    }
    setLocation={[Function]}
    setRides={[Function]}
/>,
  Symbol(enzyme.__renderer__): Object {
    "batchedUpdates": [Function],
    "getNode": [Function],
    "render": [Function],
    "simulateEvent": [Function],
    "unmount": [Function],
  },
  Symbol(enzyme.__node__): Object {
    "instance": null,
    "key": undefined,
    "nodeType": "host",
    "props": Object {
      "children": Array [
        <form
          action="submit"
          onSubmit={[Function]}
>
          <input
                    name="street"
                    onChange={[Function]}
                    placeholder="street"
                    type="text"
          />
          <input
                    name="city"
                    onChange={[Function]}
                    placeholder="city"
                    type="text"
          />
          <input
                    name="state"
                    onChange={[Function]}
                    placeholder="state"
                    type="text"
          />
          <input
                    type="submit"
          />
</form>,
        <Connect(MapContainer) />,
      ],
    },
    "ref": null,
    "rendered": Array [
      Object {
        "instance": null,
        "key": undefined,
        "nodeType": "host",
        "props": Object {
          "action": "submit",
          "children": Array [
            <input
              name="street"
              onChange={[Function]}
              placeholder="street"
              type="text"
/>,
            <input
              name="city"
              onChange={[Function]}
              placeholder="city"
              type="text"
/>,
            <input
              name="state"
              onChange={[Function]}
              placeholder="state"
              type="text"
/>,
            <input
              type="submit"
/>,
          ],
          "onSubmit": [Function],
        },
        "ref": null,
        "rendered": Array [
          Object {
            "instance": null,
            "key": undefined,
            "nodeType": "host",
            "props": Object {
              "name": "street",
              "onChange": [Function],
              "placeholder": "street",
              "type": "text",
            },
            "ref": null,
            "rendered": null,
            "type": "input",
          },
          Object {
            "instance": null,
            "key": undefined,
            "nodeType": "host",
            "props": Object {
              "name": "city",
              "onChange": [Function],
              "placeholder": "city",
              "type": "text",
            },
            "ref": null,
            "rendered": null,
            "type": "input",
          },
          Object {
            "instance": null,
            "key": undefined,
            "nodeType": "host",
            "props": Object {
              "name": "state",
              "onChange": [Function],
              "placeholder": "state",
              "type": "text",
            },
            "ref": null,
            "rendered": null,
            "type": "input",
          },
          Object {
            "instance": null,
            "key": undefined,
            "nodeType": "host",
            "props": Object {
              "type": "submit",
            },
            "ref": null,
            "rendered": null,
            "type": "input",
          },
        ],
        "type": "form",
      },
      Object {
        "instance": null,
        "key": undefined,
        "nodeType": "class",
        "props": Object {},
        "ref": null,
        "rendered": null,
        "type": [Function],
      },
    ],
    "type": "div",
  },
  Symbol(enzyme.__nodes__): Array [
    Object {
      "instance": null,
      "key": undefined,
      "nodeType": "host",
      "props": Object {
        "children": Array [
          <form
            action="submit"
            onSubmit={[Function]}
>
            <input
                        name="street"
                        onChange={[Function]}
                        placeholder="street"
                        type="text"
            />
            <input
                        name="city"
                        onChange={[Function]}
                        placeholder="city"
                        type="text"
            />
            <input
                        name="state"
                        onChange={[Function]}
                        placeholder="state"
                        type="text"
            />
            <input
                        type="submit"
            />
</form>,
          <Connect(MapContainer) />,
        ],
      },
      "ref": null,
      "rendered": Array [
        Object {
          "instance": null,
          "key": undefined,
          "nodeType": "host",
          "props": Object {
            "action": "submit",
            "children": Array [
              <input
                name="street"
                onChange={[Function]}
                placeholder="street"
                type="text"
/>,
              <input
                name="city"
                onChange={[Function]}
                placeholder="city"
                type="text"
/>,
              <input
                name="state"
                onChange={[Function]}
                placeholder="state"
                type="text"
/>,
              <input
                type="submit"
/>,
            ],
            "onSubmit": [Function],
          },
          "ref": null,
          "rendered": Array [
            Object {
              "instance": null,
              "key": undefined,
              "nodeType": "host",
              "props": Object {
                "name": "street",
                "onChange": [Function],
                "placeholder": "street",
                "type": "text",
              },
              "ref": null,
              "rendered": null,
              "type": "input",
            },
            Object {
              "instance": null,
              "key": undefined,
              "nodeType": "host",
              "props": Object {
                "name": "city",
                "onChange": [Function],
                "placeholder": "city",
                "type": "text",
              },
              "ref": null,
              "rendered": null,
              "type": "input",
            },
            Object {
              "instance": null,
              "key": undefined,
              "nodeType": "host",
              "props": Object {
                "name": "state",
                "onChange": [Function],
                "placeholder": "state",
                "type": "text",
              },
              "ref": null,
              "rendered": null,
              "type": "input",
            },
            Object {
              "instance": null,
              "key": undefined,
              "nodeType": "host",
              "props": Object {
                "type": "submit",
              },
              "ref": null,
              "rendered": null,
              "type": "input",
            },
          ],
          "type": "form",
        },
        Object {
          "instance": null,
          "key": undefined,
          "nodeType": "class",
          "props": Object {},
          "ref": null,
          "rendered": null,
          "type": [Function],
        },
      ],
      "type": "div",
    },
  ],
  Symbol(enzyme.__options__): Object {
    "adapter": ReactSixteenAdapter {
      "options": Object {
        "enableComponentDidUpdateOnSetState": true,
      },
    },
  },
}
`;
