// Jest Snapshot v1, https://goo.gl/fbAQLP

exports[`UserRidesContainer should match the snapshot 1`] = `
ShallowWrapper {
  "length": 1,
  Symbol(enzyme.__root__): [Circular],
  Symbol(enzyme.__unrendered__): <UserRidesContainer
    setUserRides={[Function]}
    user={
        Object {
            "id": 1,
          }
    }
    userRides={
        Array [
            Object {},
            Object {},
          ]
    }
/>,
  Symbol(enzyme.__renderer__): Object {
    "batchedUpdates": [Function],
    "getNode": [Function],
    "render": [Function],
    "simulateEvent": [Function],
    "unmount": [Function],
  },
  Symbol(enzyme.__node__): Object {
    "instance": null,
    "key": undefined,
    "nodeType": "host",
    "props": Object {
      "children": Array [
        <article>
          <h2>
                    Red Rocks
          </h2>
          <ul>
                    <article>
                              <h1>
                                        destination: RedRocks
                              </h1>
                              <h2>
                                        car type: 
                              </h2>
                              <h3>
                                        seats remaining: 
                              </h3>
                    </article>
                    <article>
                              <h1>
                                        destination: RedRocks
                              </h1>
                              <h2>
                                        car type: 
                              </h2>
                              <h3>
                                        seats remaining: 
                              </h3>
                    </article>
          </ul>
</article>,
        <article>
          <h2>
                    Breckenridge
          </h2>
          <ul />
</article>,
        <button
          onClick={undefined}
>
          return
</button>,
      ],
      "className": "user-rides-container",
    },
    "ref": null,
    "rendered": Array [
      Object {
        "instance": null,
        "key": undefined,
        "nodeType": "host",
        "props": Object {
          "children": Array [
            <h2>
              Red Rocks
</h2>,
            <ul>
              <article>
                            <h1>
                                          destination: RedRocks
                            </h1>
                            <h2>
                                          car type: 
                            </h2>
                            <h3>
                                          seats remaining: 
                            </h3>
              </article>
              <article>
                            <h1>
                                          destination: RedRocks
                            </h1>
                            <h2>
                                          car type: 
                            </h2>
                            <h3>
                                          seats remaining: 
                            </h3>
              </article>
</ul>,
          ],
        },
        "ref": null,
        "rendered": Array [
          Object {
            "instance": null,
            "key": undefined,
            "nodeType": "host",
            "props": Object {
              "children": "Red Rocks",
            },
            "ref": null,
            "rendered": "Red Rocks",
            "type": "h2",
          },
          Object {
            "instance": null,
            "key": undefined,
            "nodeType": "host",
            "props": Object {
              "children": Array [
                <article>
                  <h1>
                                    destination: RedRocks
                  </h1>
                  <h2>
                                    car type: 
                  </h2>
                  <h3>
                                    seats remaining: 
                  </h3>
</article>,
                <article>
                  <h1>
                                    destination: RedRocks
                  </h1>
                  <h2>
                                    car type: 
                  </h2>
                  <h3>
                                    seats remaining: 
                  </h3>
</article>,
              ],
            },
            "ref": null,
            "rendered": Array [
              Object {
                "instance": null,
                "key": undefined,
                "nodeType": "host",
                "props": Object {
                  "children": Array [
                    <h1>
                      destination: RedRocks
</h1>,
                    <h2>
                      car type: 
</h2>,
                    <h3>
                      seats remaining: 
</h3>,
                  ],
                },
                "ref": null,
                "rendered": Array [
                  Object {
                    "instance": null,
                    "key": undefined,
                    "nodeType": "host",
                    "props": Object {
                      "children": "destination: RedRocks",
                    },
                    "ref": null,
                    "rendered": "destination: RedRocks",
                    "type": "h1",
                  },
                  Object {
                    "instance": null,
                    "key": undefined,
                    "nodeType": "host",
                    "props": Object {
                      "children": Array [
                        "car type: ",
                        undefined,
                      ],
                    },
                    "ref": null,
                    "rendered": Array [
                      "car type: ",
                      undefined,
                    ],
                    "type": "h2",
                  },
                  Object {
                    "instance": null,
                    "key": undefined,
                    "nodeType": "host",
                    "props": Object {
                      "children": Array [
                        "seats remaining: ",
                        undefined,
                      ],
                    },
                    "ref": null,
                    "rendered": Array [
                      "seats remaining: ",
                      undefined,
                    ],
                    "type": "h3",
                  },
                ],
                "type": "article",
              },
              Object {
                "instance": null,
                "key": undefined,
                "nodeType": "host",
                "props": Object {
                  "children": Array [
                    <h1>
                      destination: RedRocks
</h1>,
                    <h2>
                      car type: 
</h2>,
                    <h3>
                      seats remaining: 
</h3>,
                  ],
                },
                "ref": null,
                "rendered": Array [
                  Object {
                    "instance": null,
                    "key": undefined,
                    "nodeType": "host",
                    "props": Object {
                      "children": "destination: RedRocks",
                    },
                    "ref": null,
                    "rendered": "destination: RedRocks",
                    "type": "h1",
                  },
                  Object {
                    "instance": null,
                    "key": undefined,
                    "nodeType": "host",
                    "props": Object {
                      "children": Array [
                        "car type: ",
                        undefined,
                      ],
                    },
                    "ref": null,
                    "rendered": Array [
                      "car type: ",
                      undefined,
                    ],
                    "type": "h2",
                  },
                  Object {
                    "instance": null,
                    "key": undefined,
                    "nodeType": "host",
                    "props": Object {
                      "children": Array [
                        "seats remaining: ",
                        undefined,
                      ],
                    },
                    "ref": null,
                    "rendered": Array [
                      "seats remaining: ",
                      undefined,
                    ],
                    "type": "h3",
                  },
                ],
                "type": "article",
              },
            ],
            "type": "ul",
          },
        ],
        "type": "article",
      },
      Object {
        "instance": null,
        "key": undefined,
        "nodeType": "host",
        "props": Object {
          "children": Array [
            <h2>
              Breckenridge
</h2>,
            <ul />,
          ],
        },
        "ref": null,
        "rendered": Array [
          Object {
            "instance": null,
            "key": undefined,
            "nodeType": "host",
            "props": Object {
              "children": "Breckenridge",
            },
            "ref": null,
            "rendered": "Breckenridge",
            "type": "h2",
          },
          Object {
            "instance": null,
            "key": undefined,
            "nodeType": "host",
            "props": Object {},
            "ref": null,
            "rendered": null,
            "type": "ul",
          },
        ],
        "type": "article",
      },
      Object {
        "instance": null,
        "key": undefined,
        "nodeType": "host",
        "props": Object {
          "children": "return",
          "onClick": undefined,
        },
        "ref": null,
        "rendered": "return",
        "type": "button",
      },
    ],
    "type": "div",
  },
  Symbol(enzyme.__nodes__): Array [
    Object {
      "instance": null,
      "key": undefined,
      "nodeType": "host",
      "props": Object {
        "children": Array [
          <article>
            <h2>
                        Red Rocks
            </h2>
            <ul>
                        <article>
                                    <h1>
                                                destination: RedRocks
                                    </h1>
                                    <h2>
                                                car type: 
                                    </h2>
                                    <h3>
                                                seats remaining: 
                                    </h3>
                        </article>
                        <article>
                                    <h1>
                                                destination: RedRocks
                                    </h1>
                                    <h2>
                                                car type: 
                                    </h2>
                                    <h3>
                                                seats remaining: 
                                    </h3>
                        </article>
            </ul>
</article>,
          <article>
            <h2>
                        Breckenridge
            </h2>
            <ul />
</article>,
          <button
            onClick={undefined}
>
            return
</button>,
        ],
        "className": "user-rides-container",
      },
      "ref": null,
      "rendered": Array [
        Object {
          "instance": null,
          "key": undefined,
          "nodeType": "host",
          "props": Object {
            "children": Array [
              <h2>
                Red Rocks
</h2>,
              <ul>
                <article>
                                <h1>
                                                destination: RedRocks
                                </h1>
                                <h2>
                                                car type: 
                                </h2>
                                <h3>
                                                seats remaining: 
                                </h3>
                </article>
                <article>
                                <h1>
                                                destination: RedRocks
                                </h1>
                                <h2>
                                                car type: 
                                </h2>
                                <h3>
                                                seats remaining: 
                                </h3>
                </article>
</ul>,
            ],
          },
          "ref": null,
          "rendered": Array [
            Object {
              "instance": null,
              "key": undefined,
              "nodeType": "host",
              "props": Object {
                "children": "Red Rocks",
              },
              "ref": null,
              "rendered": "Red Rocks",
              "type": "h2",
            },
            Object {
              "instance": null,
              "key": undefined,
              "nodeType": "host",
              "props": Object {
                "children": Array [
                  <article>
                    <h1>
                                        destination: RedRocks
                    </h1>
                    <h2>
                                        car type: 
                    </h2>
                    <h3>
                                        seats remaining: 
                    </h3>
</article>,
                  <article>
                    <h1>
                                        destination: RedRocks
                    </h1>
                    <h2>
                                        car type: 
                    </h2>
                    <h3>
                                        seats remaining: 
                    </h3>
</article>,
                ],
              },
              "ref": null,
              "rendered": Array [
                Object {
                  "instance": null,
                  "key": undefined,
                  "nodeType": "host",
                  "props": Object {
                    "children": Array [
                      <h1>
                        destination: RedRocks
</h1>,
                      <h2>
                        car type: 
</h2>,
                      <h3>
                        seats remaining: 
</h3>,
                    ],
                  },
                  "ref": null,
                  "rendered": Array [
                    Object {
                      "instance": null,
                      "key": undefined,
                      "nodeType": "host",
                      "props": Object {
                        "children": "destination: RedRocks",
                      },
                      "ref": null,
                      "rendered": "destination: RedRocks",
                      "type": "h1",
                    },
                    Object {
                      "instance": null,
                      "key": undefined,
                      "nodeType": "host",
                      "props": Object {
                        "children": Array [
                          "car type: ",
                          undefined,
                        ],
                      },
                      "ref": null,
                      "rendered": Array [
                        "car type: ",
                        undefined,
                      ],
                      "type": "h2",
                    },
                    Object {
                      "instance": null,
                      "key": undefined,
                      "nodeType": "host",
                      "props": Object {
                        "children": Array [
                          "seats remaining: ",
                          undefined,
                        ],
                      },
                      "ref": null,
                      "rendered": Array [
                        "seats remaining: ",
                        undefined,
                      ],
                      "type": "h3",
                    },
                  ],
                  "type": "article",
                },
                Object {
                  "instance": null,
                  "key": undefined,
                  "nodeType": "host",
                  "props": Object {
                    "children": Array [
                      <h1>
                        destination: RedRocks
</h1>,
                      <h2>
                        car type: 
</h2>,
                      <h3>
                        seats remaining: 
</h3>,
                    ],
                  },
                  "ref": null,
                  "rendered": Array [
                    Object {
                      "instance": null,
                      "key": undefined,
                      "nodeType": "host",
                      "props": Object {
                        "children": "destination: RedRocks",
                      },
                      "ref": null,
                      "rendered": "destination: RedRocks",
                      "type": "h1",
                    },
                    Object {
                      "instance": null,
                      "key": undefined,
                      "nodeType": "host",
                      "props": Object {
                        "children": Array [
                          "car type: ",
                          undefined,
                        ],
                      },
                      "ref": null,
                      "rendered": Array [
                        "car type: ",
                        undefined,
                      ],
                      "type": "h2",
                    },
                    Object {
                      "instance": null,
                      "key": undefined,
                      "nodeType": "host",
                      "props": Object {
                        "children": Array [
                          "seats remaining: ",
                          undefined,
                        ],
                      },
                      "ref": null,
                      "rendered": Array [
                        "seats remaining: ",
                        undefined,
                      ],
                      "type": "h3",
                    },
                  ],
                  "type": "article",
                },
              ],
              "type": "ul",
            },
          ],
          "type": "article",
        },
        Object {
          "instance": null,
          "key": undefined,
          "nodeType": "host",
          "props": Object {
            "children": Array [
              <h2>
                Breckenridge
</h2>,
              <ul />,
            ],
          },
          "ref": null,
          "rendered": Array [
            Object {
              "instance": null,
              "key": undefined,
              "nodeType": "host",
              "props": Object {
                "children": "Breckenridge",
              },
              "ref": null,
              "rendered": "Breckenridge",
              "type": "h2",
            },
            Object {
              "instance": null,
              "key": undefined,
              "nodeType": "host",
              "props": Object {},
              "ref": null,
              "rendered": null,
              "type": "ul",
            },
          ],
          "type": "article",
        },
        Object {
          "instance": null,
          "key": undefined,
          "nodeType": "host",
          "props": Object {
            "children": "return",
            "onClick": undefined,
          },
          "ref": null,
          "rendered": "return",
          "type": "button",
        },
      ],
      "type": "div",
    },
  ],
  Symbol(enzyme.__options__): Object {
    "adapter": ReactSixteenAdapter {
      "options": Object {
        "enableComponentDidUpdateOnSetState": true,
      },
    },
  },
}
`;
