// Jest Snapshot v1, https://goo.gl/fbAQLP

exports[`UserRidesContainer should match the snapshot 1`] = `
ShallowWrapper {
  "length": 1,
  Symbol(enzyme.__root__): [Circular],
  Symbol(enzyme.__unrendered__): <UserRidesContainer
    setUserRides={[Function]}
    user={
        Object {
            "id": 1,
          }
    }
    userRides={
        Array [
            Object {},
            Object {},
          ]
    }
/>,
  Symbol(enzyme.__renderer__): Object {
    "batchedUpdates": [Function],
    "getNode": [Function],
    "render": [Function],
    "simulateEvent": [Function],
    "unmount": [Function],
  },
  Symbol(enzyme.__node__): Object {
    "instance": null,
    "key": undefined,
    "nodeType": "host",
    "props": Object {
      "children": Array [
        <article>
          <h1>
                    My Rides
          </h1>
          <ul>
                    <li
                              className="ride-item"
                    >
                              <article
                                        className="ride-info"
                              >
                                        <h3
                                                  className="time-info"
                                        >
                                                   - 
                                        </h3>
                                        <h4
                                                  className="destination-info"
                                        >
                                                  Going To -&gt;
                                                  Breckenridge
                                        </h4>
                                        <h4
                                                  className="car-info"
                                        >
                                                  Car Type: 
                                        </h4>
                                        <h5
                                                  className="seating-info"
                                        >
                                                  Seats Remaining: 
                                        </h5>
                              </article>
                    </li>
                    <li
                              className="ride-item"
                    >
                              <article
                                        className="ride-info"
                              >
                                        <h3
                                                  className="time-info"
                                        >
                                                   - 
                                        </h3>
                                        <h4
                                                  className="destination-info"
                                        >
                                                  Going To -&gt;
                                                  Breckenridge
                                        </h4>
                                        <h4
                                                  className="car-info"
                                        >
                                                  Car Type: 
                                        </h4>
                                        <h5
                                                  className="seating-info"
                                        >
                                                  Seats Remaining: 
                                        </h5>
                              </article>
                    </li>
          </ul>
</article>,
        <button
          className="user-rides-return-btn"
          onClick={undefined}
>
          X
</button>,
      ],
      "className": "user-rides-container",
    },
    "ref": null,
    "rendered": Array [
      Object {
        "instance": null,
        "key": undefined,
        "nodeType": "host",
        "props": Object {
          "children": Array [
            <h1>
              My Rides
</h1>,
            <ul>
              <li
                            className="ride-item"
              >
                            <article
                                          className="ride-info"
                            >
                                          <h3
                                                        className="time-info"
                                          >
                                                         - 
                                          </h3>
                                          <h4
                                                        className="destination-info"
                                          >
                                                        Going To -&gt;
                                                        Breckenridge
                                          </h4>
                                          <h4
                                                        className="car-info"
                                          >
                                                        Car Type: 
                                          </h4>
                                          <h5
                                                        className="seating-info"
                                          >
                                                        Seats Remaining: 
                                          </h5>
                            </article>
              </li>
              <li
                            className="ride-item"
              >
                            <article
                                          className="ride-info"
                            >
                                          <h3
                                                        className="time-info"
                                          >
                                                         - 
                                          </h3>
                                          <h4
                                                        className="destination-info"
                                          >
                                                        Going To -&gt;
                                                        Breckenridge
                                          </h4>
                                          <h4
                                                        className="car-info"
                                          >
                                                        Car Type: 
                                          </h4>
                                          <h5
                                                        className="seating-info"
                                          >
                                                        Seats Remaining: 
                                          </h5>
                            </article>
              </li>
</ul>,
          ],
        },
        "ref": null,
        "rendered": Array [
          Object {
            "instance": null,
            "key": undefined,
            "nodeType": "host",
            "props": Object {
              "children": "My Rides",
            },
            "ref": null,
            "rendered": "My Rides",
            "type": "h1",
          },
          Object {
            "instance": null,
            "key": undefined,
            "nodeType": "host",
            "props": Object {
              "children": Array [
                <li
                  className="ride-item"
>
                  <article
                                    className="ride-info"
                  >
                                    <h3
                                                      className="time-info"
                                    >
                                                       - 
                                    </h3>
                                    <h4
                                                      className="destination-info"
                                    >
                                                      Going To -&gt;
                                                      Breckenridge
                                    </h4>
                                    <h4
                                                      className="car-info"
                                    >
                                                      Car Type: 
                                    </h4>
                                    <h5
                                                      className="seating-info"
                                    >
                                                      Seats Remaining: 
                                    </h5>
                  </article>
</li>,
                <li
                  className="ride-item"
>
                  <article
                                    className="ride-info"
                  >
                                    <h3
                                                      className="time-info"
                                    >
                                                       - 
                                    </h3>
                                    <h4
                                                      className="destination-info"
                                    >
                                                      Going To -&gt;
                                                      Breckenridge
                                    </h4>
                                    <h4
                                                      className="car-info"
                                    >
                                                      Car Type: 
                                    </h4>
                                    <h5
                                                      className="seating-info"
                                    >
                                                      Seats Remaining: 
                                    </h5>
                  </article>
</li>,
              ],
            },
            "ref": null,
            "rendered": Array [
              Object {
                "instance": null,
                "key": "0",
                "nodeType": "host",
                "props": Object {
                  "children": <article
                    className="ride-info"
>
                    <h3
                                        className="time-info"
                    >
                                         - 
                    </h3>
                    <h4
                                        className="destination-info"
                    >
                                        Going To -&gt;
                                        Breckenridge
                    </h4>
                    <h4
                                        className="car-info"
                    >
                                        Car Type: 
                    </h4>
                    <h5
                                        className="seating-info"
                    >
                                        Seats Remaining: 
                    </h5>
</article>,
                  "className": "ride-item",
                },
                "ref": null,
                "rendered": Object {
                  "instance": null,
                  "key": undefined,
                  "nodeType": "host",
                  "props": Object {
                    "children": Array [
                      <h3
                        className="time-info"
>
                         - 
</h3>,
                      <h4
                        className="destination-info"
>
                        Going To -&gt;
                        Breckenridge
</h4>,
                      <h4
                        className="car-info"
>
                        Car Type: 
</h4>,
                      <h5
                        className="seating-info"
>
                        Seats Remaining: 
</h5>,
                    ],
                    "className": "ride-info",
                  },
                  "ref": null,
                  "rendered": Array [
                    Object {
                      "instance": null,
                      "key": undefined,
                      "nodeType": "host",
                      "props": Object {
                        "children": Array [
                          undefined,
                          " - ",
                          undefined,
                        ],
                        "className": "time-info",
                      },
                      "ref": null,
                      "rendered": Array [
                        undefined,
                        " - ",
                        undefined,
                      ],
                      "type": "h3",
                    },
                    Object {
                      "instance": null,
                      "key": undefined,
                      "nodeType": "host",
                      "props": Object {
                        "children": Array [
                          "Going To ->",
                          "Breckenridge",
                        ],
                        "className": "destination-info",
                      },
                      "ref": null,
                      "rendered": Array [
                        "Going To ->",
                        "Breckenridge",
                      ],
                      "type": "h4",
                    },
                    Object {
                      "instance": null,
                      "key": undefined,
                      "nodeType": "host",
                      "props": Object {
                        "children": Array [
                          "Car Type: ",
                          undefined,
                        ],
                        "className": "car-info",
                      },
                      "ref": null,
                      "rendered": Array [
                        "Car Type: ",
                        undefined,
                      ],
                      "type": "h4",
                    },
                    Object {
                      "instance": null,
                      "key": undefined,
                      "nodeType": "host",
                      "props": Object {
                        "children": Array [
                          "Seats Remaining: ",
                          undefined,
                        ],
                        "className": "seating-info",
                      },
                      "ref": null,
                      "rendered": Array [
                        "Seats Remaining: ",
                        undefined,
                      ],
                      "type": "h5",
                    },
                  ],
                  "type": "article",
                },
                "type": "li",
              },
              Object {
                "instance": null,
                "key": "1",
                "nodeType": "host",
                "props": Object {
                  "children": <article
                    className="ride-info"
>
                    <h3
                                        className="time-info"
                    >
                                         - 
                    </h3>
                    <h4
                                        className="destination-info"
                    >
                                        Going To -&gt;
                                        Breckenridge
                    </h4>
                    <h4
                                        className="car-info"
                    >
                                        Car Type: 
                    </h4>
                    <h5
                                        className="seating-info"
                    >
                                        Seats Remaining: 
                    </h5>
</article>,
                  "className": "ride-item",
                },
                "ref": null,
                "rendered": Object {
                  "instance": null,
                  "key": undefined,
                  "nodeType": "host",
                  "props": Object {
                    "children": Array [
                      <h3
                        className="time-info"
>
                         - 
</h3>,
                      <h4
                        className="destination-info"
>
                        Going To -&gt;
                        Breckenridge
</h4>,
                      <h4
                        className="car-info"
>
                        Car Type: 
</h4>,
                      <h5
                        className="seating-info"
>
                        Seats Remaining: 
</h5>,
                    ],
                    "className": "ride-info",
                  },
                  "ref": null,
                  "rendered": Array [
                    Object {
                      "instance": null,
                      "key": undefined,
                      "nodeType": "host",
                      "props": Object {
                        "children": Array [
                          undefined,
                          " - ",
                          undefined,
                        ],
                        "className": "time-info",
                      },
                      "ref": null,
                      "rendered": Array [
                        undefined,
                        " - ",
                        undefined,
                      ],
                      "type": "h3",
                    },
                    Object {
                      "instance": null,
                      "key": undefined,
                      "nodeType": "host",
                      "props": Object {
                        "children": Array [
                          "Going To ->",
                          "Breckenridge",
                        ],
                        "className": "destination-info",
                      },
                      "ref": null,
                      "rendered": Array [
                        "Going To ->",
                        "Breckenridge",
                      ],
                      "type": "h4",
                    },
                    Object {
                      "instance": null,
                      "key": undefined,
                      "nodeType": "host",
                      "props": Object {
                        "children": Array [
                          "Car Type: ",
                          undefined,
                        ],
                        "className": "car-info",
                      },
                      "ref": null,
                      "rendered": Array [
                        "Car Type: ",
                        undefined,
                      ],
                      "type": "h4",
                    },
                    Object {
                      "instance": null,
                      "key": undefined,
                      "nodeType": "host",
                      "props": Object {
                        "children": Array [
                          "Seats Remaining: ",
                          undefined,
                        ],
                        "className": "seating-info",
                      },
                      "ref": null,
                      "rendered": Array [
                        "Seats Remaining: ",
                        undefined,
                      ],
                      "type": "h5",
                    },
                  ],
                  "type": "article",
                },
                "type": "li",
              },
            ],
            "type": "ul",
          },
        ],
        "type": "article",
      },
      Object {
        "instance": null,
        "key": undefined,
        "nodeType": "host",
        "props": Object {
          "children": "X",
          "className": "user-rides-return-btn",
          "onClick": undefined,
        },
        "ref": null,
        "rendered": "X",
        "type": "button",
      },
    ],
    "type": "div",
  },
  Symbol(enzyme.__nodes__): Array [
    Object {
      "instance": null,
      "key": undefined,
      "nodeType": "host",
      "props": Object {
        "children": Array [
          <article>
            <h1>
                        My Rides
            </h1>
            <ul>
                        <li
                                    className="ride-item"
                        >
                                    <article
                                                className="ride-info"
                                    >
                                                <h3
                                                            className="time-info"
                                                >
                                                             - 
                                                </h3>
                                                <h4
                                                            className="destination-info"
                                                >
                                                            Going To -&gt;
                                                            Breckenridge
                                                </h4>
                                                <h4
                                                            className="car-info"
                                                >
                                                            Car Type: 
                                                </h4>
                                                <h5
                                                            className="seating-info"
                                                >
                                                            Seats Remaining: 
                                                </h5>
                                    </article>
                        </li>
                        <li
                                    className="ride-item"
                        >
                                    <article
                                                className="ride-info"
                                    >
                                                <h3
                                                            className="time-info"
                                                >
                                                             - 
                                                </h3>
                                                <h4
                                                            className="destination-info"
                                                >
                                                            Going To -&gt;
                                                            Breckenridge
                                                </h4>
                                                <h4
                                                            className="car-info"
                                                >
                                                            Car Type: 
                                                </h4>
                                                <h5
                                                            className="seating-info"
                                                >
                                                            Seats Remaining: 
                                                </h5>
                                    </article>
                        </li>
            </ul>
</article>,
          <button
            className="user-rides-return-btn"
            onClick={undefined}
>
            X
</button>,
        ],
        "className": "user-rides-container",
      },
      "ref": null,
      "rendered": Array [
        Object {
          "instance": null,
          "key": undefined,
          "nodeType": "host",
          "props": Object {
            "children": Array [
              <h1>
                My Rides
</h1>,
              <ul>
                <li
                                className="ride-item"
                >
                                <article
                                                className="ride-info"
                                >
                                                <h3
                                                                className="time-info"
                                                >
                                                                 - 
                                                </h3>
                                                <h4
                                                                className="destination-info"
                                                >
                                                                Going To -&gt;
                                                                Breckenridge
                                                </h4>
                                                <h4
                                                                className="car-info"
                                                >
                                                                Car Type: 
                                                </h4>
                                                <h5
                                                                className="seating-info"
                                                >
                                                                Seats Remaining: 
                                                </h5>
                                </article>
                </li>
                <li
                                className="ride-item"
                >
                                <article
                                                className="ride-info"
                                >
                                                <h3
                                                                className="time-info"
                                                >
                                                                 - 
                                                </h3>
                                                <h4
                                                                className="destination-info"
                                                >
                                                                Going To -&gt;
                                                                Breckenridge
                                                </h4>
                                                <h4
                                                                className="car-info"
                                                >
                                                                Car Type: 
                                                </h4>
                                                <h5
                                                                className="seating-info"
                                                >
                                                                Seats Remaining: 
                                                </h5>
                                </article>
                </li>
</ul>,
            ],
          },
          "ref": null,
          "rendered": Array [
            Object {
              "instance": null,
              "key": undefined,
              "nodeType": "host",
              "props": Object {
                "children": "My Rides",
              },
              "ref": null,
              "rendered": "My Rides",
              "type": "h1",
            },
            Object {
              "instance": null,
              "key": undefined,
              "nodeType": "host",
              "props": Object {
                "children": Array [
                  <li
                    className="ride-item"
>
                    <article
                                        className="ride-info"
                    >
                                        <h3
                                                            className="time-info"
                                        >
                                                             - 
                                        </h3>
                                        <h4
                                                            className="destination-info"
                                        >
                                                            Going To -&gt;
                                                            Breckenridge
                                        </h4>
                                        <h4
                                                            className="car-info"
                                        >
                                                            Car Type: 
                                        </h4>
                                        <h5
                                                            className="seating-info"
                                        >
                                                            Seats Remaining: 
                                        </h5>
                    </article>
</li>,
                  <li
                    className="ride-item"
>
                    <article
                                        className="ride-info"
                    >
                                        <h3
                                                            className="time-info"
                                        >
                                                             - 
                                        </h3>
                                        <h4
                                                            className="destination-info"
                                        >
                                                            Going To -&gt;
                                                            Breckenridge
                                        </h4>
                                        <h4
                                                            className="car-info"
                                        >
                                                            Car Type: 
                                        </h4>
                                        <h5
                                                            className="seating-info"
                                        >
                                                            Seats Remaining: 
                                        </h5>
                    </article>
</li>,
                ],
              },
              "ref": null,
              "rendered": Array [
                Object {
                  "instance": null,
                  "key": "0",
                  "nodeType": "host",
                  "props": Object {
                    "children": <article
                      className="ride-info"
>
                      <h3
                                            className="time-info"
                      >
                                             - 
                      </h3>
                      <h4
                                            className="destination-info"
                      >
                                            Going To -&gt;
                                            Breckenridge
                      </h4>
                      <h4
                                            className="car-info"
                      >
                                            Car Type: 
                      </h4>
                      <h5
                                            className="seating-info"
                      >
                                            Seats Remaining: 
                      </h5>
</article>,
                    "className": "ride-item",
                  },
                  "ref": null,
                  "rendered": Object {
                    "instance": null,
                    "key": undefined,
                    "nodeType": "host",
                    "props": Object {
                      "children": Array [
                        <h3
                          className="time-info"
>
                           - 
</h3>,
                        <h4
                          className="destination-info"
>
                          Going To -&gt;
                          Breckenridge
</h4>,
                        <h4
                          className="car-info"
>
                          Car Type: 
</h4>,
                        <h5
                          className="seating-info"
>
                          Seats Remaining: 
</h5>,
                      ],
                      "className": "ride-info",
                    },
                    "ref": null,
                    "rendered": Array [
                      Object {
                        "instance": null,
                        "key": undefined,
                        "nodeType": "host",
                        "props": Object {
                          "children": Array [
                            undefined,
                            " - ",
                            undefined,
                          ],
                          "className": "time-info",
                        },
                        "ref": null,
                        "rendered": Array [
                          undefined,
                          " - ",
                          undefined,
                        ],
                        "type": "h3",
                      },
                      Object {
                        "instance": null,
                        "key": undefined,
                        "nodeType": "host",
                        "props": Object {
                          "children": Array [
                            "Going To ->",
                            "Breckenridge",
                          ],
                          "className": "destination-info",
                        },
                        "ref": null,
                        "rendered": Array [
                          "Going To ->",
                          "Breckenridge",
                        ],
                        "type": "h4",
                      },
                      Object {
                        "instance": null,
                        "key": undefined,
                        "nodeType": "host",
                        "props": Object {
                          "children": Array [
                            "Car Type: ",
                            undefined,
                          ],
                          "className": "car-info",
                        },
                        "ref": null,
                        "rendered": Array [
                          "Car Type: ",
                          undefined,
                        ],
                        "type": "h4",
                      },
                      Object {
                        "instance": null,
                        "key": undefined,
                        "nodeType": "host",
                        "props": Object {
                          "children": Array [
                            "Seats Remaining: ",
                            undefined,
                          ],
                          "className": "seating-info",
                        },
                        "ref": null,
                        "rendered": Array [
                          "Seats Remaining: ",
                          undefined,
                        ],
                        "type": "h5",
                      },
                    ],
                    "type": "article",
                  },
                  "type": "li",
                },
                Object {
                  "instance": null,
                  "key": "1",
                  "nodeType": "host",
                  "props": Object {
                    "children": <article
                      className="ride-info"
>
                      <h3
                                            className="time-info"
                      >
                                             - 
                      </h3>
                      <h4
                                            className="destination-info"
                      >
                                            Going To -&gt;
                                            Breckenridge
                      </h4>
                      <h4
                                            className="car-info"
                      >
                                            Car Type: 
                      </h4>
                      <h5
                                            className="seating-info"
                      >
                                            Seats Remaining: 
                      </h5>
</article>,
                    "className": "ride-item",
                  },
                  "ref": null,
                  "rendered": Object {
                    "instance": null,
                    "key": undefined,
                    "nodeType": "host",
                    "props": Object {
                      "children": Array [
                        <h3
                          className="time-info"
>
                           - 
</h3>,
                        <h4
                          className="destination-info"
>
                          Going To -&gt;
                          Breckenridge
</h4>,
                        <h4
                          className="car-info"
>
                          Car Type: 
</h4>,
                        <h5
                          className="seating-info"
>
                          Seats Remaining: 
</h5>,
                      ],
                      "className": "ride-info",
                    },
                    "ref": null,
                    "rendered": Array [
                      Object {
                        "instance": null,
                        "key": undefined,
                        "nodeType": "host",
                        "props": Object {
                          "children": Array [
                            undefined,
                            " - ",
                            undefined,
                          ],
                          "className": "time-info",
                        },
                        "ref": null,
                        "rendered": Array [
                          undefined,
                          " - ",
                          undefined,
                        ],
                        "type": "h3",
                      },
                      Object {
                        "instance": null,
                        "key": undefined,
                        "nodeType": "host",
                        "props": Object {
                          "children": Array [
                            "Going To ->",
                            "Breckenridge",
                          ],
                          "className": "destination-info",
                        },
                        "ref": null,
                        "rendered": Array [
                          "Going To ->",
                          "Breckenridge",
                        ],
                        "type": "h4",
                      },
                      Object {
                        "instance": null,
                        "key": undefined,
                        "nodeType": "host",
                        "props": Object {
                          "children": Array [
                            "Car Type: ",
                            undefined,
                          ],
                          "className": "car-info",
                        },
                        "ref": null,
                        "rendered": Array [
                          "Car Type: ",
                          undefined,
                        ],
                        "type": "h4",
                      },
                      Object {
                        "instance": null,
                        "key": undefined,
                        "nodeType": "host",
                        "props": Object {
                          "children": Array [
                            "Seats Remaining: ",
                            undefined,
                          ],
                          "className": "seating-info",
                        },
                        "ref": null,
                        "rendered": Array [
                          "Seats Remaining: ",
                          undefined,
                        ],
                        "type": "h5",
                      },
                    ],
                    "type": "article",
                  },
                  "type": "li",
                },
              ],
              "type": "ul",
            },
          ],
          "type": "article",
        },
        Object {
          "instance": null,
          "key": undefined,
          "nodeType": "host",
          "props": Object {
            "children": "X",
            "className": "user-rides-return-btn",
            "onClick": undefined,
          },
          "ref": null,
          "rendered": "X",
          "type": "button",
        },
      ],
      "type": "div",
    },
  ],
  Symbol(enzyme.__options__): Object {
    "adapter": ReactSixteenAdapter {
      "options": Object {
        "enableComponentDidUpdateOnSetState": true,
      },
    },
  },
}
`;
