// Jest Snapshot v1, https://goo.gl/fbAQLP

exports[`NavContainer should match the snapshot 1`] = `
ShallowWrapper {
  "length": 1,
  Symbol(enzyme.__root__): [Circular],
  Symbol(enzyme.__unrendered__): <NavContainer
    rides={
        Array [
            Object {},
            Object {},
          ]
    }
    user="sage"
/>,
  Symbol(enzyme.__renderer__): Object {
    "batchedUpdates": [Function],
    "getNode": [Function],
    "render": [Function],
    "simulateEvent": [Function],
    "unmount": [Function],
  },
  Symbol(enzyme.__node__): Object {
    "instance": null,
    "key": undefined,
    "nodeType": "host",
    "props": Object {
      "children": Array [
        <h1
          className="site-name"
>
          FirstRide
</h1>,
        <div
          className="links"
>
          <NavLink
                    activeClassName="active"
                    ariaCurrent="true"
                    className="nav-link"
                    to="/"
          >
                    Home
          </NavLink>
          <NavLink
                    activeClassName="active"
                    ariaCurrent="true"
                    className="nav-link"
                    to="/login"
          >
                    Signin
          </NavLink>
          <NavLink
                    activeClassName="active"
                    ariaCurrent="true"
                    className="nav-link"
                    to="/profile"
          >
                    Me
          </NavLink>
</div>,
      ],
      "className": "nav-bar",
    },
    "ref": null,
    "rendered": Array [
      Object {
        "instance": null,
        "key": undefined,
        "nodeType": "host",
        "props": Object {
          "children": "FirstRide",
          "className": "site-name",
        },
        "ref": null,
        "rendered": "FirstRide",
        "type": "h1",
      },
      Object {
        "instance": null,
        "key": undefined,
        "nodeType": "host",
        "props": Object {
          "children": Array [
            <NavLink
              activeClassName="active"
              ariaCurrent="true"
              className="nav-link"
              to="/"
>
              Home
</NavLink>,
            <NavLink
              activeClassName="active"
              ariaCurrent="true"
              className="nav-link"
              to="/login"
>
              Signin
</NavLink>,
            <NavLink
              activeClassName="active"
              ariaCurrent="true"
              className="nav-link"
              to="/profile"
>
              Me
</NavLink>,
          ],
          "className": "links",
        },
        "ref": null,
        "rendered": Array [
          Object {
            "instance": null,
            "key": undefined,
            "nodeType": "function",
            "props": Object {
              "activeClassName": "active",
              "ariaCurrent": "true",
              "children": "Home",
              "className": "nav-link",
              "to": "/",
            },
            "ref": null,
            "rendered": "Home",
            "type": [Function],
          },
          Object {
            "instance": null,
            "key": undefined,
            "nodeType": "function",
            "props": Object {
              "activeClassName": "active",
              "ariaCurrent": "true",
              "children": "Signin",
              "className": "nav-link",
              "to": "/login",
            },
            "ref": null,
            "rendered": "Signin",
            "type": [Function],
          },
          Object {
            "instance": null,
            "key": undefined,
            "nodeType": "function",
            "props": Object {
              "activeClassName": "active",
              "ariaCurrent": "true",
              "children": "Me",
              "className": "nav-link",
              "to": "/profile",
            },
            "ref": null,
            "rendered": "Me",
            "type": [Function],
          },
        ],
        "type": "div",
      },
    ],
    "type": "div",
  },
  Symbol(enzyme.__nodes__): Array [
    Object {
      "instance": null,
      "key": undefined,
      "nodeType": "host",
      "props": Object {
        "children": Array [
          <h1
            className="site-name"
>
            FirstRide
</h1>,
          <div
            className="links"
>
            <NavLink
                        activeClassName="active"
                        ariaCurrent="true"
                        className="nav-link"
                        to="/"
            >
                        Home
            </NavLink>
            <NavLink
                        activeClassName="active"
                        ariaCurrent="true"
                        className="nav-link"
                        to="/login"
            >
                        Signin
            </NavLink>
            <NavLink
                        activeClassName="active"
                        ariaCurrent="true"
                        className="nav-link"
                        to="/profile"
            >
                        Me
            </NavLink>
</div>,
        ],
        "className": "nav-bar",
      },
      "ref": null,
      "rendered": Array [
        Object {
          "instance": null,
          "key": undefined,
          "nodeType": "host",
          "props": Object {
            "children": "FirstRide",
            "className": "site-name",
          },
          "ref": null,
          "rendered": "FirstRide",
          "type": "h1",
        },
        Object {
          "instance": null,
          "key": undefined,
          "nodeType": "host",
          "props": Object {
            "children": Array [
              <NavLink
                activeClassName="active"
                ariaCurrent="true"
                className="nav-link"
                to="/"
>
                Home
</NavLink>,
              <NavLink
                activeClassName="active"
                ariaCurrent="true"
                className="nav-link"
                to="/login"
>
                Signin
</NavLink>,
              <NavLink
                activeClassName="active"
                ariaCurrent="true"
                className="nav-link"
                to="/profile"
>
                Me
</NavLink>,
            ],
            "className": "links",
          },
          "ref": null,
          "rendered": Array [
            Object {
              "instance": null,
              "key": undefined,
              "nodeType": "function",
              "props": Object {
                "activeClassName": "active",
                "ariaCurrent": "true",
                "children": "Home",
                "className": "nav-link",
                "to": "/",
              },
              "ref": null,
              "rendered": "Home",
              "type": [Function],
            },
            Object {
              "instance": null,
              "key": undefined,
              "nodeType": "function",
              "props": Object {
                "activeClassName": "active",
                "ariaCurrent": "true",
                "children": "Signin",
                "className": "nav-link",
                "to": "/login",
              },
              "ref": null,
              "rendered": "Signin",
              "type": [Function],
            },
            Object {
              "instance": null,
              "key": undefined,
              "nodeType": "function",
              "props": Object {
                "activeClassName": "active",
                "ariaCurrent": "true",
                "children": "Me",
                "className": "nav-link",
                "to": "/profile",
              },
              "ref": null,
              "rendered": "Me",
              "type": [Function],
            },
          ],
          "type": "div",
        },
      ],
      "type": "div",
    },
  ],
  Symbol(enzyme.__options__): Object {
    "adapter": ReactSixteenAdapter {
      "options": Object {
        "enableComponentDidUpdateOnSetState": true,
      },
    },
  },
}
`;
