// Jest Snapshot v1, https://goo.gl/fbAQLP

exports[`DestinationsContainer should match the snapshot 1`] = `
ShallowWrapper {
  "length": 1,
  Symbol(enzyme.__root__): [Circular],
  Symbol(enzyme.__unrendered__): <DestinationsContainer />,
  Symbol(enzyme.__renderer__): Object {
    "batchedUpdates": [Function],
    "getNode": [Function],
    "render": [Function],
    "simulateEvent": [Function],
    "unmount": [Function],
  },
  Symbol(enzyme.__node__): Object {
    "instance": null,
    "key": undefined,
    "nodeType": "host",
    "props": Object {
      "children": Array [
        <div
          className="location-container"
>
          <NavLink
                    activeClassName="active"
                    ariaCurrent="true"
                    className="location-pin"
                    name="Red Rocks"
                    onClick={[Function]}
                    to="/rides"
          >
                    Red Rocks
                    <div
                              className="pulse"
                    />
          </NavLink>
</div>,
        <div
          className="location-container"
>
          <NavLink
                    activeClassName="active"
                    ariaCurrent="true"
                    className="location-pin"
                    name="Breckenridge"
                    onClick={[Function]}
                    to="/rides"
          >
                    Breckenridge
          </NavLink>
          <div
                    className="pulse"
          />
</div>,
      ],
      "className": "destinations",
    },
    "ref": null,
    "rendered": Array [
      Object {
        "instance": null,
        "key": undefined,
        "nodeType": "host",
        "props": Object {
          "children": <NavLink
            activeClassName="active"
            ariaCurrent="true"
            className="location-pin"
            name="Red Rocks"
            onClick={[Function]}
            to="/rides"
>
            Red Rocks
            <div
                        className="pulse"
            />
</NavLink>,
          "className": "location-container",
        },
        "ref": null,
        "rendered": Object {
          "instance": null,
          "key": undefined,
          "nodeType": "function",
          "props": Object {
            "activeClassName": "active",
            "ariaCurrent": "true",
            "children": Array [
              "Red Rocks",
              <div
                className="pulse"
/>,
            ],
            "className": "location-pin",
            "name": "Red Rocks",
            "onClick": [Function],
            "to": "/rides",
          },
          "ref": null,
          "rendered": Array [
            "Red Rocks",
            Object {
              "instance": null,
              "key": undefined,
              "nodeType": "host",
              "props": Object {
                "className": "pulse",
              },
              "ref": null,
              "rendered": null,
              "type": "div",
            },
          ],
          "type": [Function],
        },
        "type": "div",
      },
      Object {
        "instance": null,
        "key": undefined,
        "nodeType": "host",
        "props": Object {
          "children": Array [
            <NavLink
              activeClassName="active"
              ariaCurrent="true"
              className="location-pin"
              name="Breckenridge"
              onClick={[Function]}
              to="/rides"
>
              Breckenridge
</NavLink>,
            <div
              className="pulse"
/>,
          ],
          "className": "location-container",
        },
        "ref": null,
        "rendered": Array [
          Object {
            "instance": null,
            "key": undefined,
            "nodeType": "function",
            "props": Object {
              "activeClassName": "active",
              "ariaCurrent": "true",
              "children": "Breckenridge",
              "className": "location-pin",
              "name": "Breckenridge",
              "onClick": [Function],
              "to": "/rides",
            },
            "ref": null,
            "rendered": "Breckenridge",
            "type": [Function],
          },
          Object {
            "instance": null,
            "key": undefined,
            "nodeType": "host",
            "props": Object {
              "className": "pulse",
            },
            "ref": null,
            "rendered": null,
            "type": "div",
          },
        ],
        "type": "div",
      },
    ],
    "type": "div",
  },
  Symbol(enzyme.__nodes__): Array [
    Object {
      "instance": null,
      "key": undefined,
      "nodeType": "host",
      "props": Object {
        "children": Array [
          <div
            className="location-container"
>
            <NavLink
                        activeClassName="active"
                        ariaCurrent="true"
                        className="location-pin"
                        name="Red Rocks"
                        onClick={[Function]}
                        to="/rides"
            >
                        Red Rocks
                        <div
                                    className="pulse"
                        />
            </NavLink>
</div>,
          <div
            className="location-container"
>
            <NavLink
                        activeClassName="active"
                        ariaCurrent="true"
                        className="location-pin"
                        name="Breckenridge"
                        onClick={[Function]}
                        to="/rides"
            >
                        Breckenridge
            </NavLink>
            <div
                        className="pulse"
            />
</div>,
        ],
        "className": "destinations",
      },
      "ref": null,
      "rendered": Array [
        Object {
          "instance": null,
          "key": undefined,
          "nodeType": "host",
          "props": Object {
            "children": <NavLink
              activeClassName="active"
              ariaCurrent="true"
              className="location-pin"
              name="Red Rocks"
              onClick={[Function]}
              to="/rides"
>
              Red Rocks
              <div
                            className="pulse"
              />
</NavLink>,
            "className": "location-container",
          },
          "ref": null,
          "rendered": Object {
            "instance": null,
            "key": undefined,
            "nodeType": "function",
            "props": Object {
              "activeClassName": "active",
              "ariaCurrent": "true",
              "children": Array [
                "Red Rocks",
                <div
                  className="pulse"
/>,
              ],
              "className": "location-pin",
              "name": "Red Rocks",
              "onClick": [Function],
              "to": "/rides",
            },
            "ref": null,
            "rendered": Array [
              "Red Rocks",
              Object {
                "instance": null,
                "key": undefined,
                "nodeType": "host",
                "props": Object {
                  "className": "pulse",
                },
                "ref": null,
                "rendered": null,
                "type": "div",
              },
            ],
            "type": [Function],
          },
          "type": "div",
        },
        Object {
          "instance": null,
          "key": undefined,
          "nodeType": "host",
          "props": Object {
            "children": Array [
              <NavLink
                activeClassName="active"
                ariaCurrent="true"
                className="location-pin"
                name="Breckenridge"
                onClick={[Function]}
                to="/rides"
>
                Breckenridge
</NavLink>,
              <div
                className="pulse"
/>,
            ],
            "className": "location-container",
          },
          "ref": null,
          "rendered": Array [
            Object {
              "instance": null,
              "key": undefined,
              "nodeType": "function",
              "props": Object {
                "activeClassName": "active",
                "ariaCurrent": "true",
                "children": "Breckenridge",
                "className": "location-pin",
                "name": "Breckenridge",
                "onClick": [Function],
                "to": "/rides",
              },
              "ref": null,
              "rendered": "Breckenridge",
              "type": [Function],
            },
            Object {
              "instance": null,
              "key": undefined,
              "nodeType": "host",
              "props": Object {
                "className": "pulse",
              },
              "ref": null,
              "rendered": null,
              "type": "div",
            },
          ],
          "type": "div",
        },
      ],
      "type": "div",
    },
  ],
  Symbol(enzyme.__options__): Object {
    "adapter": ReactSixteenAdapter {
      "options": Object {
        "enableComponentDidUpdateOnSetState": true,
      },
    },
  },
}
`;
