// Jest Snapshot v1, https://goo.gl/fbAQLP

exports[`DestinationsContainer should match the snapshot 1`] = `
ShallowWrapper {
  "length": 1,
  Symbol(enzyme.__root__): [Circular],
  Symbol(enzyme.__unrendered__): <DestinationsContainer />,
  Symbol(enzyme.__renderer__): Object {
    "batchedUpdates": [Function],
    "getNode": [Function],
    "render": [Function],
    "simulateEvent": [Function],
    "unmount": [Function],
  },
  Symbol(enzyme.__node__): Object {
    "instance": null,
    "key": undefined,
    "nodeType": "host",
    "props": Object {
      "children": Array [
        <NavLink
          activeClassName="active"
          ariaCurrent="true"
          onClick={[Function]}
          to="/rides"
          value="Red Rocks"
>
          Red Rocks
</NavLink>,
        <NavLink
          activeClassName="active"
          ariaCurrent="true"
          onClick={[Function]}
          to="/rides"
          value="Breckenridge"
>
          Breckenridge
</NavLink>,
      ],
      "className": "destinations",
    },
    "ref": null,
    "rendered": Array [
      Object {
        "instance": null,
        "key": undefined,
        "nodeType": "function",
        "props": Object {
          "activeClassName": "active",
          "ariaCurrent": "true",
          "children": "Red Rocks",
          "onClick": [Function],
          "to": "/rides",
          "value": "Red Rocks",
        },
        "ref": null,
        "rendered": "Red Rocks",
        "type": [Function],
      },
      Object {
        "instance": null,
        "key": undefined,
        "nodeType": "function",
        "props": Object {
          "activeClassName": "active",
          "ariaCurrent": "true",
          "children": "Breckenridge",
          "onClick": [Function],
          "to": "/rides",
          "value": "Breckenridge",
        },
        "ref": null,
        "rendered": "Breckenridge",
        "type": [Function],
      },
    ],
    "type": "div",
  },
  Symbol(enzyme.__nodes__): Array [
    Object {
      "instance": null,
      "key": undefined,
      "nodeType": "host",
      "props": Object {
        "children": Array [
          <NavLink
            activeClassName="active"
            ariaCurrent="true"
            onClick={[Function]}
            to="/rides"
            value="Red Rocks"
>
            Red Rocks
</NavLink>,
          <NavLink
            activeClassName="active"
            ariaCurrent="true"
            onClick={[Function]}
            to="/rides"
            value="Breckenridge"
>
            Breckenridge
</NavLink>,
        ],
        "className": "destinations",
      },
      "ref": null,
      "rendered": Array [
        Object {
          "instance": null,
          "key": undefined,
          "nodeType": "function",
          "props": Object {
            "activeClassName": "active",
            "ariaCurrent": "true",
            "children": "Red Rocks",
            "onClick": [Function],
            "to": "/rides",
            "value": "Red Rocks",
          },
          "ref": null,
          "rendered": "Red Rocks",
          "type": [Function],
        },
        Object {
          "instance": null,
          "key": undefined,
          "nodeType": "function",
          "props": Object {
            "activeClassName": "active",
            "ariaCurrent": "true",
            "children": "Breckenridge",
            "onClick": [Function],
            "to": "/rides",
            "value": "Breckenridge",
          },
          "ref": null,
          "rendered": "Breckenridge",
          "type": [Function],
        },
      ],
      "type": "div",
    },
  ],
  Symbol(enzyme.__options__): Object {
    "adapter": ReactSixteenAdapter {
      "options": Object {
        "enableComponentDidUpdateOnSetState": true,
      },
    },
  },
}
`;
